/home/breno/src/dbtool/.b.json --- JSON
No changes.

