[
    { "id": 1, "title": "My First Post", "name": "John Doe" },
    { "id": 2, "title": "Another Post", "name": "John Doe" },
    { "id": 3, "title": "Jane's Blog", "name": "Jane Smith" }
]
