[
    {
        "id": 1,
        "user_id": 1,
        "updated_at": null,
        "key_id": null
    },
    {
        "id": 1,
        "user_id": 2,
        "updated_at": null,
        "key_id": null
    },
    {
        "id": 2,
        "user_id": 1,
        "updated_at": null,
        "key_id": null
    },
    {
        "id": 3,
        "user_id": 2,
        "updated_at": null,
        "key_id": null
    }
]
