/home/breno/src/dbtool/.b.json --- JSON
6                "COLUMN_NAME": "name",
7                "DATA_TYPE": "VARCHAR",
8                "IS_AUTO_INCREMENT": "NO",
9                "IS_DEFAULT_TIMESTAMP": "NO",
10                "IS_NULLABLE": "YES",
   10             "IS_NULLABLE": "NO",
   11             "IS_UPDATE_TIMESTAMP": "NO",
   12             "NUMERIC_PRECISION": null,
   13             "NUMERIC_SCALE": null
   14         }
   15     ],
   16     "keys": []
   17 }

