[1m[93m/home/breno/src/dbtool/.b.json[39m[0m[2m --- JSON[0m
[2m1 [0m{                                                  [2m1 [0m{
[91;1m2 [0m    [95m"posts"[0m: [91m""[0m,                                   [92;1m2 [0m    [95m"posts"[0m: [92m"f0ff1c89f7bcb9385c8ec38a3e288bd0"[0m,
[91;1m3 [0m    [95m"users"[0m: [91m"2946073187c2f76f90107f2ff5703d34"[0m    [92;1m3 [0m    [95m"users"[0m: [92m"0f109092051946e8ef11cf5a0d827f2a"[0m
[2m4 [0m}                                                  [2m4 [0m}

