/home/breno/src/dbtool/.b.json --- JSON
30                "COLUMN_NAME": "name",
31                "DATA_TYPE": "VARCHAR",
32                "IS_AUTO_INCREMENT": "NO",
33                "IS_DEFAULT_TIMESTAMP": "NO",
34                "IS_NULLABLE": "YES",
   34             "IS_NULLABLE": "NO",
   35             "IS_UPDATE_TIMESTAMP": "NO",
   36             "NUMERIC_PRECISION": null,
   37             "NUMERIC_SCALE": null
   38         },
   39         {
   40             "CHARACTER_MAXIMUM_LENGTH": null,
   41             "COLUMN_DEFAULT": null,
   42             "COLUMN_NAME": "password_hash",

