{
    "columns": [
        {
            "CHARACTER_MAXIMUM_LENGTH": null,
            "COLUMN_DEFAULT": null,
            "COLUMN_NAME": "id",
            "DATA_TYPE": "BIGINT",
            "IS_AUTO_INCREMENT": "YES",
            "IS_DEFAULT_TIMESTAMP": "NO",
            "IS_NULLABLE": "NO",
            "IS_UPDATE_TIMESTAMP": "NO",
            "NUMERIC_PRECISION": null,
            "NUMERIC_SCALE": null
        },
        {
            "CHARACTER_MAXIMUM_LENGTH": null,
            "COLUMN_DEFAULT": null,
            "COLUMN_NAME": "user_id",
            "DATA_TYPE": "BIGINT",
            "IS_AUTO_INCREMENT": "NO",
            "IS_DEFAULT_TIMESTAMP": "NO",
            "IS_NULLABLE": "NO",
            "IS_UPDATE_TIMESTAMP": "NO",
            "NUMERIC_PRECISION": null,
            "NUMERIC_SCALE": null
        },
        {
            "CHARACTER_MAXIMUM_LENGTH": 65535,
            "COLUMN_DEFAULT": null,
            "COLUMN_NAME": "content",
            "DATA_TYPE": "TEXT",
            "IS_AUTO_INCREMENT": "NO",
            "IS_DEFAULT_TIMESTAMP": "NO",
            "IS_NULLABLE": "YES",
            "IS_UPDATE_TIMESTAMP": "NO",
            "NUMERIC_PRECISION": null,
            "NUMERIC_SCALE": null
        },
        {
            "CHARACTER_MAXIMUM_LENGTH": null,
            "COLUMN_DEFAULT": null,
            "COLUMN_NAME": "publish_date",
            "DATA_TYPE": "DATE",
            "IS_AUTO_INCREMENT": "NO",
            "IS_DEFAULT_TIMESTAMP": "NO",
            "IS_NULLABLE": "YES",
            "IS_UPDATE_TIMESTAMP": "NO",
            "NUMERIC_PRECISION": null,
            "NUMERIC_SCALE": null
        },
        {
            "CHARACTER_MAXIMUM_LENGTH": 200,
            "COLUMN_DEFAULT": null,
            "COLUMN_NAME": "title",
            "DATA_TYPE": "VARCHAR",
            "IS_AUTO_INCREMENT": "NO",
            "IS_DEFAULT_TIMESTAMP": "NO",
            "IS_NULLABLE": "NO",
            "IS_UPDATE_TIMESTAMP": "NO",
            "NUMERIC_PRECISION": null,
            "NUMERIC_SCALE": null
        },
        {
            "CHARACTER_MAXIMUM_LENGTH": null,
            "COLUMN_DEFAULT": null,
            "COLUMN_NAME": "created_at",
            "DATA_TYPE": "TIMESTAMP",
            "IS_AUTO_INCREMENT": "NO",
            "IS_DEFAULT_TIMESTAMP": "YES",
            "IS_NULLABLE": "NO",
            "IS_UPDATE_TIMESTAMP": "NO",
            "NUMERIC_PRECISION": null,
            "NUMERIC_SCALE": null
        }
    ],
    "keys": [
        {
            "KEY_TYPE": "PRIMARY",
            "KEY_NAME": "PRIMARY",
            "COLUMN_NAME": "id",
            "IS_COMPOSITE": "NO",
            "KEY_POSITION": 1
        },
        {
            "KEY_TYPE": "INDEX",
            "KEY_NAME": "user_id",
            "COLUMN_NAME": "user_id",
            "IS_COMPOSITE": "NO",
            "KEY_POSITION": 1
        }
    ]
}
