["post_tags", "posts", "products", "tags", "user_groups", "users"]
