
 Status  [Migration ID]  Started              Finished             Migration Name 
----------------------------------------------------------------------------------
     up  20250807015230  2025-08-11 02:33:47  2025-08-11 02:33:47  Users
     up  20250807015231  2025-08-11 02:33:47  2025-08-11 02:33:47  Posts
     up  20250807015232  2025-08-11 02:33:47  2025-08-11 02:33:47  Products

