
 Status  [Migration ID]  Started              Finished             Migration Name 
----------------------------------------------------------------------------------
   down  20250807015230                                            Users
   down  20250807015231                                            Posts
   down  20250807015232                                            Products
   down  20250807015233                                            UserGroups

